// Jest Snapshot v1, https://goo.gl/fbAQLP

exports[`matches snapShot 1`] = `
<View
  accessibilityRole="button"
  accessibilityState={
    Object {
      "disabled": false,
    }
  }
  accessible={true}
  focusable={true}
  hitSlop={
    Object {
      "bottom": 6,
      "left": 6,
      "right": 6,
      "top": 6,
    }
  }
  onClick={[Function]}
  onResponderGrant={[Function]}
  onResponderMove={[Function]}
  onResponderRelease={[Function]}
  onResponderTerminate={[Function]}
  onResponderTerminationRequest={[Function]}
  onStartShouldSetResponder={[Function]}
  style={
    Array [
      Object {
        "overflow": "hidden",
      },
      Array [
        Object {
          "alignItems": "center",
          "justifyContent": "center",
          "margin": 6,
          "overflow": "hidden",
        },
        Object {
          "borderRadius": 15,
          "height": 30,
          "width": 30,
        },
        false,
        Array [
          Object {
            "marginLeft": 0,
            "marginRight": 30,
          },
          false,
        ],
      ],
    ]
  }
  testID="test"
>
  <View />
</View>
`;
