// Jest Snapshot v1, https://goo.gl/fbAQLP

exports[`matches snapShot 1`] = `
<View
  style={
    Object {
      "marginTop": 10,
      "maxWidth": "100%",
      "width": 350,
    }
  }
>
  <View
    pointerEvents="none"
    style={
      Array [
        Object {
          "bottom": 0,
          "left": 0,
          "position": "absolute",
          "right": 0,
          "top": 6,
        },
        Object {
          "backgroundColor": "#f6f6f6",
          "borderColor": "#120311",
          "borderRadius": 4,
          "borderWidth": 1,
        },
      ]
    }
    testID="text-input-outline"
  />
  <View>
    <View
      style={
        Array [
          Object {
            "paddingBottom": 0,
          },
          Object {
            "minHeight": 48,
            "paddingTop": 8,
          },
        ]
      }
    >
      <TextInput
        editable={true}
        maxFontSizeMultiplier={1.5}
        multiline={false}
        onBlur={[Function]}
        onChangeText={[Function]}
        onFocus={[Function]}
        placeholderTextColor="rgba(0, 0, 0, 0.54)"
        secureTextEntry={false}
        selectionColor="#120311"
        style={
          Array [
            Object {
              "flexGrow": 1,
              "margin": 0,
              "paddingHorizontal": 14,
              "zIndex": 1,
            },
            Object {
              "height": 40,
            },
            Object {
              "paddingBottom": 0,
              "paddingTop": 0,
            },
            Object {
              "color": "#000000",
              "fontFamily": "System",
              "fontSize": 18,
              "fontWeight": undefined,
              "textAlign": "left",
              "textAlignVertical": "center",
            },
            false,
            Array [
              Object {},
            ],
          ]
        }
        testID="test"
        underlineColorAndroid="transparent"
      />
    </View>
  </View>
</View>
`;
