// Jest Snapshot v1, https://goo.gl/fbAQLP

exports[`matches snapShot 1`] = `
<View
  style={
    Object {
      "alignItems": "center",
      "borderColor": "rgba(18,3,17,0.6)",
      "borderTopWidth": 0,
      "borderWidth": 2,
      "flexDirection": "row",
      "height": 100,
      "justifyContent": "space-between",
    }
  }
  testID="tableItem"
>
  <View
    style={
      Array [
        Object {
          "alignItems": "center",
          "flexDirection": "row",
          "marginLeft": 20,
        },
        Object {
          "flexDirection": "column",
          "justifyContent": "center",
          "marginLeft": 0,
        },
      ]
    }
  >
    <View
      style={
        Array [
          Object {
            "backgroundColor": "#6200ee",
            "borderRadius": 30,
            "height": 60,
            "width": 60,
          },
          undefined,
        ]
      }
      testID="avatar"
    >
      <Image
        source={1}
        style={
          Object {
            "borderRadius": 30,
            "height": 60,
            "width": 60,
          }
        }
      />
    </View>
    <Text
      style={
        Array [
          Object {
            "fontSize": 13,
            "marginLeft": 10,
            "width": 200,
          },
          Object {
            "marginLeft": 0,
            "textAlign": "center",
            "width": 150,
          },
        ]
      }
      testID="personName"
    >
      Aung
    </Text>
  </View>
  <View
    style={
      Array [
        Object {
          "flex": "1",
          "flexDirection": "row",
        },
        false,
      ]
    }
  >
    <View
      style={
        Array [
          Object {
            "alignItems": "center",
            "flex": 1,
            "flexDirection": "row",
            "height": "100%",
          },
          Object {
            "flex": 1.5,
          },
        ]
      }
    >
      <Text />
      <Text
        style={
          Array [
            Object {
              "fontSize": 13,
              "marginLeft": 2,
              "textAlign": "left",
            },
            Object {
              "width": 100,
            },
            false,
          ]
        }
      >
        gmail.com
      </Text>
    </View>
    <View
      style={
        Array [
          Object {
            "alignItems": "center",
            "flex": 1,
            "flexDirection": "row",
            "height": "100%",
          },
          undefined,
        ]
      }
    >
      <Text />
      <Text
        style={
          Array [
            Object {
              "fontSize": 13,
              "marginLeft": 2,
              "textAlign": "left",
            },
            Object {
              "width": 100,
            },
            false,
          ]
        }
      >
        999
      </Text>
    </View>
    <View
      style={
        Array [
          Object {
            "alignItems": "center",
            "flex": 1,
            "flexDirection": "row",
            "height": "100%",
          },
          Object {
            "flex": 1.5,
          },
        ]
      }
    >
      <Text />
      <Text
        style={
          Array [
            Object {
              "fontSize": 13,
              "marginLeft": 2,
              "textAlign": "left",
            },
            Object {
              "width": 100,
            },
            false,
          ]
        }
      >
        bago
      </Text>
    </View>
  </View>
</View>
`;
